Ôû▓ Next.js 16.1.6 (Turbopack)
- Environments: .env.local

node.exe : 
En línea: 1 Carácter: 1
+ & "C:\Program 
Files\nodejs/node.exe" 
"C:\Program 
Files\nodejs/node_mo ...
+ ~~~~~~~~~~~~~~~~~~~~~~~~~~~
~~~~~~~~~~~~~~~~~~~~~~~~~~~~~
~~~~~~~~~~~~~
    + CategoryInfo           
   : NotSpecifi    ed: 
(:String) [],     
RemoteException
    + FullyQualifiedEr    
rorId : NativeComm    
andError
 
> Build error occurred
Error: Ambiguous app routes 
detected:

Ambiguous route pattern 
"/courses/[*]" matches 
multiple routes:
  - /courses/[id]
  - /courses/[slug]

These routes cannot be 
distinguished from each 
other when matching URLs. 
Please ensure that dynamic 
segments have unique 
patterns or use different 
static segments.
    at ignore-listed frames
